com/vrondakis/zap/workflow/RunZapCrawlerStep.stapler
com/vrondakis/zap/ZapDriver.class
com/vrondakis/zap/workflow/RunZapCrawlerStep$DescriptorImpl.class
com/vrondakis/zap/workflow/ImportZapUrlsStep.stapler
com/vrondakis/zap/ZapAlertInstance.class
com/vrondakis/zap/workflow/StartZapStepParameters.class
com/vrondakis/zap/ZapDriverController.class
com/vrondakis/zap/workflow/StartZapStep.class
com/vrondakis/zap/workflow/ImportZapPolicyStep.stapler
com/vrondakis/zap/ZapBuildAction.class
com/vrondakis/zap/workflow/ImportZapPolicyStep$DescriptorImpl.class
com/vrondakis/zap/workflow/ArchiveZapStep.class
com/vrondakis/zap/workflow/ImportZapUrlsStep.class
com/vrondakis/zap/workflow/DefaultStepExecutionImpl.class
com/vrondakis/zap/workflow/ImportZapUrlsStep$DescriptorImpl.class
com/vrondakis/zap/workflow/ArchiveZapExecution.class
com/vrondakis/zap/workflow/RunZapAttackStep$DescriptorImpl.class
com/vrondakis/zap/ZapAlert.class
com/vrondakis/zap/workflow/DefaultStepDescriptorImpl.class
com/vrondakis/zap/workflow/StartZapExecution.class
com/vrondakis/zap/workflow/StartZapStep.stapler
com/vrondakis/zap/Constants.class
com/vrondakis/zap/workflow/RunZapAttackExecution.class
com/vrondakis/zap/ZapFalsePositiveInstance.class
com/vrondakis/zap/ZapArchiver$2.class
com/vrondakis/zap/workflow/RunZapAttackStep.stapler
com/vrondakis/zap/workflow/ImportZapUrlsExecution.class
com/vrondakis/zap/ZapArchiver$1.class
com/vrondakis/zap/workflow/StartZapStep$DescriptorImpl.class
com/vrondakis/zap/ZapArchiver.class
com/vrondakis/zap/workflow/ImportZapPolicyStep.class
com/vrondakis/zap/workflow/ImportZapPolicyStepParameters.class
com/vrondakis/zap/workflow/ArchiveZapStep.stapler
com/vrondakis/zap/ZapTrendChart.class
com/vrondakis/zap/workflow/RunZapAttackStepParameters.class
com/vrondakis/zap/ZapAction.class
com/vrondakis/zap/workflow/ImportZapUrlsStepParameters.class
com/vrondakis/zap/workflow/RunZapAttackStep.class
com/vrondakis/zap/workflow/ArchiveZapStepParameters.class
com/vrondakis/zap/workflow/ImportZapPolicyExecution.class
com/vrondakis/zap/workflow/RunZapCrawlerExecution.class
com/vrondakis/zap/workflow/ArchiveZapStep$DescriptorImpl.class
com/vrondakis/zap/workflow/RunZapCrawlerParameters.class
com/vrondakis/zap/workflow/RunZapCrawlerStep.class
com/vrondakis/zap/ZapAlertCount.class
META-INF/annotations/hudson.Extension
