/home/mvrondakis/Projects/zap-jenkins-pipeline-plugin/src/main/java/com/vrondakis/zap/workflow/ArchiveZapStep.java
/home/mvrondakis/Projects/zap-jenkins-pipeline-plugin/src/main/java/com/vrondakis/zap/ZapBuildAction.java
/home/mvrondakis/Projects/zap-jenkins-pipeline-plugin/src/main/java/com/vrondakis/zap/workflow/ImportZapUrlsExecution.java
/home/mvrondakis/Projects/zap-jenkins-pipeline-plugin/src/main/java/com/vrondakis/zap/workflow/RunZapCrawlerExecution.java
/home/mvrondakis/Projects/zap-jenkins-pipeline-plugin/src/main/java/com/vrondakis/zap/ZapFalsePositiveInstance.java
/home/mvrondakis/Projects/zap-jenkins-pipeline-plugin/src/main/java/com/vrondakis/zap/ZapTrendChart.java
/home/mvrondakis/Projects/zap-jenkins-pipeline-plugin/src/main/java/com/vrondakis/zap/workflow/ImportZapUrlsStep.java
/home/mvrondakis/Projects/zap-jenkins-pipeline-plugin/src/main/java/com/vrondakis/zap/ZapDriver.java
/home/mvrondakis/Projects/zap-jenkins-pipeline-plugin/src/main/java/com/vrondakis/zap/ZapAction.java
/home/mvrondakis/Projects/zap-jenkins-pipeline-plugin/src/main/java/com/vrondakis/zap/workflow/ImportZapPolicyStep.java
/home/mvrondakis/Projects/zap-jenkins-pipeline-plugin/src/main/java/com/vrondakis/zap/workflow/StartZapStep.java
/home/mvrondakis/Projects/zap-jenkins-pipeline-plugin/src/main/java/com/vrondakis/zap/workflow/StartZapStepParameters.java
/home/mvrondakis/Projects/zap-jenkins-pipeline-plugin/src/main/java/com/vrondakis/zap/workflow/ImportZapUrlsStepParameters.java
/home/mvrondakis/Projects/zap-jenkins-pipeline-plugin/src/main/java/com/vrondakis/zap/workflow/RunZapAttackStepParameters.java
/home/mvrondakis/Projects/zap-jenkins-pipeline-plugin/src/main/java/com/vrondakis/zap/ZapDriverController.java
/home/mvrondakis/Projects/zap-jenkins-pipeline-plugin/src/main/java/com/vrondakis/zap/workflow/RunZapAttackStep.java
/home/mvrondakis/Projects/zap-jenkins-pipeline-plugin/src/main/java/com/vrondakis/zap/ZapAlertInstance.java
/home/mvrondakis/Projects/zap-jenkins-pipeline-plugin/src/main/java/com/vrondakis/zap/Constants.java
/home/mvrondakis/Projects/zap-jenkins-pipeline-plugin/src/main/java/com/vrondakis/zap/workflow/ArchiveZapExecution.java
/home/mvrondakis/Projects/zap-jenkins-pipeline-plugin/src/main/java/com/vrondakis/zap/workflow/ImportZapPolicyExecution.java
/home/mvrondakis/Projects/zap-jenkins-pipeline-plugin/src/main/java/com/vrondakis/zap/workflow/RunZapCrawlerStep.java
/home/mvrondakis/Projects/zap-jenkins-pipeline-plugin/src/main/java/com/vrondakis/zap/workflow/RunZapCrawlerParameters.java
/home/mvrondakis/Projects/zap-jenkins-pipeline-plugin/src/main/java/com/vrondakis/zap/ZapAlert.java
/home/mvrondakis/Projects/zap-jenkins-pipeline-plugin/src/main/java/com/vrondakis/zap/ZapArchiver.java
/home/mvrondakis/Projects/zap-jenkins-pipeline-plugin/src/main/java/com/vrondakis/zap/ZapAlertCount.java
/home/mvrondakis/Projects/zap-jenkins-pipeline-plugin/src/main/java/com/vrondakis/zap/workflow/DefaultStepDescriptorImpl.java
/home/mvrondakis/Projects/zap-jenkins-pipeline-plugin/src/main/java/com/vrondakis/zap/workflow/ArchiveZapStepParameters.java
/home/mvrondakis/Projects/zap-jenkins-pipeline-plugin/src/main/java/com/vrondakis/zap/workflow/DefaultStepExecutionImpl.java
/home/mvrondakis/Projects/zap-jenkins-pipeline-plugin/src/main/java/com/vrondakis/zap/workflow/RunZapAttackExecution.java
/home/mvrondakis/Projects/zap-jenkins-pipeline-plugin/src/main/java/com/vrondakis/zap/workflow/ImportZapPolicyStepParameters.java
/home/mvrondakis/Projects/zap-jenkins-pipeline-plugin/src/main/java/com/vrondakis/zap/workflow/StartZapExecution.java
